   text	   data	    bss	    dec	    hex	filename
 0x908c	 0x1764	  0x310	  43776	   ab00	/home/user/gapuino/test_camera_io/BUILD/GAP8_V2/GCC_RISCV/test
/home/user/gapuino/test_camera_io/BUILD/GAP8_V2/GCC_RISCV/test:1b000c08 00000001 D camera_isAwaked	/home/user/gap_sdk/rtos/pulp/pulp-os/drivers_deprecated/camera/himax.c:150
/home/user/gapuino/test_camera_io/BUILD/GAP8_V2/GCC_RISCV/test:00000388 00000001 D __rt_hyper_pending_emu_do_memcpy	/home/user/gap_sdk/rtos/pulp/pulp-os/drivers/hyper/hyperram-v1.c:53
/home/user/gapuino/test_camera_io/BUILD/GAP8_V2/GCC_RISCV/test:1c003cda 00000002 T __camera_conf_init	/home/user/gap_sdk/rtos/pmsis/pmsis_bsp/camera/camera.c:43
/home/user/gapuino/test_camera_io/BUILD/GAP8_V2/GCC_RISCV/test:1c005184 00000002 W illegal_insn_handler_c	/home/user/gap_sdk/rtos/pulp/pulp-os/kernel/irq.c:89
/home/user/gapuino/test_camera_io/BUILD/GAP8_V2/GCC_RISCV/test:1c003c14 00000002 t __pi_host_fs_direct_read_async
/home/user/gapuino/test_camera_io/BUILD/GAP8_V2/GCC_RISCV/test:1c003adc 00000002 t __pi_host_fs_unmount	/home/user/gap_sdk/rtos/pmsis/pmsis_bsp/fs/host_fs/host_fs.c:40
/home/user/gapuino/test_camera_io/BUILD/GAP8_V2/GCC_RISCV/test:1c004196 00000002 T pi_partition_table_free	/home/user/gap_sdk/rtos/pmsis/pmsis_bsp/partition/partition.c:46
/home/user/gapuino/test_camera_io/BUILD/GAP8_V2/GCC_RISCV/test:1c005ac6 00000002 T pi_time_wait_us	/home/user/gap_sdk/rtos/pulp/pulp-os/kernel/time.c:131
/home/user/gapuino/test_camera_io/BUILD/GAP8_V2/GCC_RISCV/test:1c0062f6 00000002 T __rt_fll_deinit	/home/user/gap_sdk/rtos/pulp/pulp-os/kernel/gap/pmu_driver.c:876
/home/user/gapuino/test_camera_io/BUILD/GAP8_V2/GCC_RISCV/test:1c0062f8 00000002 T __rt_flls_constructor	/home/user/gap_sdk/rtos/pulp/pulp-os/kernel/gap/pmu_driver.c:880
/home/user/gapuino/test_camera_io/BUILD/GAP8_V2/GCC_RISCV/test:1c009284 00000003 d ToHWDCDC_Pos	/home/user/gap_sdk/rtos/pulp/pulp-os/kernel/gap/pmu_driver.c:192
/home/user/gapuino/test_camera_io/BUILD/GAP8_V2/GCC_RISCV/test:1c004f7c 00000004 T bsp_himax_open
/home/user/gapuino/test_camera_io/BUILD/GAP8_V2/GCC_RISCV/test:1c008888 00000004 t ctor_list	/home/user/gap_sdk/rtos/pulp/pulp-os/kernel/init.c:29
/home/user/gapuino/test_camera_io/BUILD/GAP8_V2/GCC_RISCV/test:1c0088d4 00000004 t dtor_list	/home/user/gap_sdk/rtos/pulp/pulp-os/kernel/init.c:30
/home/user/gapuino/test_camera_io/BUILD/GAP8_V2/GCC_RISCV/test:1c009694 00000004 B first_delayed
/home/user/gapuino/test_camera_io/BUILD/GAP8_V2/GCC_RISCV/test:1c009684 00000004 B img_rgb888	/home/user/gap_sdk/libs/gap_lib/img_io/ImgIO.c:20
/home/user/gapuino/test_camera_io/BUILD/GAP8_V2/GCC_RISCV/test:1c009660 00000004 b __pi_hyper_cluster_reqs_first	/home/user/gap_sdk/rtos/pulp/pulp-os/drivers/hyper/hyperram-v1.c:62
/home/user/gapuino/test_camera_io/BUILD/GAP8_V2/GCC_RISCV/test:1c005134 00000004 T pi_open_from_conf	/home/user/gap_sdk/rtos/pulp/pulp-os/kernel/init.c:325
/home/user/gapuino/test_camera_io/BUILD/GAP8_V2/GCC_RISCV/test:1c004198 00000004 T pi_partition_table_load	/home/user/gap_sdk/rtos/pmsis/pmsis_bsp/partition/partition.c:51
/home/user/gapuino/test_camera_io/BUILD/GAP8_V2/GCC_RISCV/test:1c00249a 00000004 t pi_perf_read.constprop.3	/home/user/gap_sdk/install/GAP8_V2/include/pmsis/implem/perf.h:133
/home/user/gapuino/test_camera_io/BUILD/GAP8_V2/GCC_RISCV/test:1c00357a 00000004 t __pi_read_fs_unmount	/home/user/gap_sdk/rtos/pmsis/pmsis_bsp/fs/read_fs/read_fs.c:230
/home/user/gapuino/test_camera_io/BUILD/GAP8_V2/GCC_RISCV/test:1c009288 00000004 D PMURetentionState
/home/user/gapuino/test_camera_io/BUILD/GAP8_V2/GCC_RISCV/test:1c00965c 00000004 b __pos_i2s_global_open_count	/home/user/gap_sdk/rtos/pulp/pulp-os/drivers/i2s/i2s-v1.c:26
/home/user/gapuino/test_camera_io/BUILD/GAP8_V2/GCC_RISCV/test:000003a4 00000004 D pwmEventsStatus	/home/user/gap_sdk/rtos/pulp/pulp-os/drivers/pwm/pwm.c:9
/home/user/gapuino/test_camera_io/BUILD/GAP8_V2/GCC_RISCV/test:1c009294 00000004 d RetPMUStateToPMUState	/home/user/gap_sdk/rtos/pulp/pulp-os/kernel/gap/pmu_driver.c:185
/home/user/gapuino/test_camera_io/BUILD/GAP8_V2/GCC_RISCV/test:1c009690 00000004 B __rt_alloc_fc_tcdm
/home/user/gapuino/test_camera_io/BUILD/GAP8_V2/GCC_RISCV/test:1c009688 00000004 B __rt_alloc_l1
/home/user/gapuino/test_camera_io/BUILD/GAP8_V2/GCC_RISCV/test:1c00968c 00000004 B __rt_alloc_l2
/home/user/gapuino/test_camera_io/BUILD/GAP8_V2/GCC_RISCV/test:00000014 00000004 d __rt_bridge_eeprom_handle	/home/user/gap_sdk/rtos/pulp/pulp-os/kernel/bridge.c:25
/home/user/gapuino/test_camera_io/BUILD/GAP8_V2/GCC_RISCV/test:00000010 00000004 d __rt_bridge_flash_cs	/home/user/gap_sdk/rtos/pulp/pulp-os/kernel/bridge.c:29
/home/user/gapuino/test_camera_io/BUILD/GAP8_V2/GCC_RISCV/test:00000004 00000004 d __rt_bridge_flash_handle	/home/user/gap_sdk/rtos/pulp/pulp-os/kernel/bridge.c:26
/home/user/gapuino/test_camera_io/BUILD/GAP8_V2/GCC_RISCV/test:0000000c 00000004 d __rt_bridge_flash_itf	/home/user/gap_sdk/rtos/pulp/pulp-os/kernel/bridge.c:28
/home/user/gapuino/test_camera_io/BUILD/GAP8_V2/GCC_RISCV/test:00000008 00000004 d __rt_bridge_flash_type	/home/user/gap_sdk/rtos/pulp/pulp-os/kernel/bridge.c:27
/home/user/gapuino/test_camera_io/BUILD/GAP8_V2/GCC_RISCV/test:000003e0 00000004 D __rtc_handler	/home/user/gap_sdk/rtos/pulp/pulp-os/drivers_deprecated/dolphin/rtc.c:25
/home/user/gapuino/test_camera_io/BUILD/GAP8_V2/GCC_RISCV/test:1000001c 00000004 D __rt_cluster_fc_task_lock	/home/user/gap_sdk/rtos/pulp/pulp-os/kernel/cluster.c:59
/home/user/gapuino/test_camera_io/BUILD/GAP8_V2/GCC_RISCV/test:00000018 00000004 D __rt_cluster_nb_active_pe
/home/user/gapuino/test_camera_io/BUILD/GAP8_V2/GCC_RISCV/test:1c0096a4 00000004 B __rt_cluster_tasks	/home/user/gap_sdk/rtos/pulp/pulp-os/kernel/cluster.c:41
/home/user/gapuino/test_camera_io/BUILD/GAP8_V2/GCC_RISCV/test:1b000bec 00000004 D __rt_debug_config
/home/user/gapuino/test_camera_io/BUILD/GAP8_V2/GCC_RISCV/test:1b000be8 00000004 D __rt_debug_config_trace
/home/user/gapuino/test_camera_io/BUILD/GAP8_V2/GCC_RISCV/test:00000014 00000004 D __rt_dma_first_pending
/home/user/gapuino/test_camera_io/BUILD/GAP8_V2/GCC_RISCV/test:00000010 00000004 D __rt_dma_last_pending
/home/user/gapuino/test_camera_io/BUILD/GAP8_V2/GCC_RISCV/test:1c009658 00000004 b __rt_fc_cluster_device	/home/user/gap_sdk/rtos/pulp/pulp-os/kernel/pulpos_emu.c:25
/home/user/gapuino/test_camera_io/BUILD/GAP8_V2/GCC_RISCV/test:1c00925c 00000004 V __rt_fc_stack_size	/home/user/gap_sdk/rtos/pulp/pulp-os/kernel/conf.c:36
/home/user/gapuino/test_camera_io/BUILD/GAP8_V2/GCC_RISCV/test:00000018 00000004 D __rt_first_free
/home/user/gapuino/test_camera_io/BUILD/GAP8_V2/GCC_RISCV/test:00000374 00000004 D __rt_hyper_current_task	/home/user/gap_sdk/rtos/pulp/pulp-os/drivers/hyper/hyperram-v1.c:27
/home/user/gapuino/test_camera_io/BUILD/GAP8_V2/GCC_RISCV/test:00000370 00000004 D __rt_hyper_end_task	/home/user/gap_sdk/rtos/pulp/pulp-os/drivers/hyper/hyperram-v1.c:25
/home/user/gapuino/test_camera_io/BUILD/GAP8_V2/GCC_RISCV/test:1c009664 00000004 b __rt_hyper_open_count	/home/user/gap_sdk/rtos/pulp/pulp-os/drivers/hyper/hyperram-v1.c:65
/home/user/gapuino/test_camera_io/BUILD/GAP8_V2/GCC_RISCV/test:00000364 00000004 D __rt_hyper_pending_addr	/home/user/gap_sdk/rtos/pulp/pulp-os/drivers/hyper/hyperram-v1.c:33
/home/user/gapuino/test_camera_io/BUILD/GAP8_V2/GCC_RISCV/test:0000035c 00000004 D __rt_hyper_pending_base	/home/user/gap_sdk/rtos/pulp/pulp-os/drivers/hyper/hyperram-v1.c:31
/home/user/gapuino/test_camera_io/BUILD/GAP8_V2/GCC_RISCV/test:00000380 00000004 D __rt_hyper_pending_emu_addr	/home/user/gap_sdk/rtos/pulp/pulp-os/drivers/hyper/hyperram-v1.c:48
/home/user/gapuino/test_camera_io/BUILD/GAP8_V2/GCC_RISCV/test:00000378 00000004 D __rt_hyper_pending_emu_channel	/home/user/gap_sdk/rtos/pulp/pulp-os/drivers/hyper/hyperram-v1.c:46
/home/user/gapuino/test_camera_io/BUILD/GAP8_V2/GCC_RISCV/test:0000037c 00000004 D __rt_hyper_pending_emu_hyper_addr	/home/user/gap_sdk/rtos/pulp/pulp-os/drivers/hyper/hyperram-v1.c:47
/home/user/gapuino/test_camera_io/BUILD/GAP8_V2/GCC_RISCV/test:0000039c 00000004 D __rt_hyper_pending_emu_length	/home/user/gap_sdk/rtos/pulp/pulp-os/drivers/hyper/hyperram-v1.c:51
/home/user/gapuino/test_camera_io/BUILD/GAP8_V2/GCC_RISCV/test:00000384 00000004 D __rt_hyper_pending_emu_size	/home/user/gap_sdk/rtos/pulp/pulp-os/drivers/hyper/hyperram-v1.c:49
/home/user/gapuino/test_camera_io/BUILD/GAP8_V2/GCC_RISCV/test:00000398 00000004 D __rt_hyper_pending_emu_size_2d	/home/user/gap_sdk/rtos/pulp/pulp-os/drivers/hyper/hyperram-v1.c:50
/home/user/gapuino/test_camera_io/BUILD/GAP8_V2/GCC_RISCV/test:000003a0 00000004 D __rt_hyper_pending_emu_stride	/home/user/gap_sdk/rtos/pulp/pulp-os/drivers/hyper/hyperram-v1.c:52
/home/user/gapuino/test_camera_io/BUILD/GAP8_V2/GCC_RISCV/test:0000038c 00000004 D __rt_hyper_pending_emu_task	/home/user/gap_sdk/rtos/pulp/pulp-os/drivers/hyper/hyperram-v1.c:54
/home/user/gapuino/test_camera_io/BUILD/GAP8_V2/GCC_RISCV/test:00000360 00000004 D __rt_hyper_pending_hyper_addr	/home/user/gap_sdk/rtos/pulp/pulp-os/drivers/hyper/hyperram-v1.c:32
/home/user/gapuino/test_camera_io/BUILD/GAP8_V2/GCC_RISCV/test:00000368 00000004 D __rt_hyper_pending_repeat	/home/user/gap_sdk/rtos/pulp/pulp-os/drivers/hyper/hyperram-v1.c:34
/home/user/gapuino/test_camera_io/BUILD/GAP8_V2/GCC_RISCV/test:0000036c 00000004 D __rt_hyper_pending_repeat_size	/home/user/gap_sdk/rtos/pulp/pulp-os/drivers/hyper/hyperram-v1.c:35
/home/user/gapuino/test_camera_io/BUILD/GAP8_V2/GCC_RISCV/test:00000390 00000004 D __rt_hyper_pending_tasks	/home/user/gap_sdk/rtos/pulp/pulp-os/drivers/hyper/hyperram-v1.c:39
/home/user/gapuino/test_camera_io/BUILD/GAP8_V2/GCC_RISCV/test:00000394 00000004 D __rt_hyper_pending_tasks_last	/home/user/gap_sdk/rtos/pulp/pulp-os/drivers/hyper/hyperram-v1.c:40
/home/user/gapuino/test_camera_io/BUILD/GAP8_V2/GCC_RISCV/test:00000358 00000004 D __rt_hyper_udma_handle
/home/user/gapuino/test_camera_io/BUILD/GAP8_V2/GCC_RISCV/test:1c009668 00000004 b __rt_i2s_first	/home/user/gap_sdk/rtos/pulp/pulp-os/drivers_deprecated/i2s/i2s-v1.c:40
/home/user/gapuino/test_camera_io/BUILD/GAP8_V2/GCC_RISCV/test:1c009260 00000004 V __rt_iodev
/home/user/gapuino/test_camera_io/BUILD/GAP8_V2/GCC_RISCV/test:1c009264 00000004 V __rt_iodev_uart_baudrate
/home/user/gapuino/test_camera_io/BUILD/GAP8_V2/GCC_RISCV/test:1c009650 00000004 V __rt_iodev_uart_channel
/home/user/gapuino/test_camera_io/BUILD/GAP8_V2/GCC_RISCV/test:1c009674 00000004 b __rt_io_event_current	/home/user/gap_sdk/rtos/pulp/pulp-os/libs/io/io.c:40
/home/user/gapuino/test_camera_io/BUILD/GAP8_V2/GCC_RISCV/test:1c009678 00000004 b __rt_io_pending_flush	/home/user/gap_sdk/rtos/pulp/pulp-os/libs/io/io.c:50
/home/user/gapuino/test_camera_io/BUILD/GAP8_V2/GCC_RISCV/test:1c009680 00000004 b _rt_io_uart	/home/user/gap_sdk/rtos/pulp/pulp-os/libs/io/io.c:38
/home/user/gapuino/test_camera_io/BUILD/GAP8_V2/GCC_RISCV/test:1c009268 00000004 V __rt_platform
/home/user/gapuino/test_camera_io/BUILD/GAP8_V2/GCC_RISCV/test:1c00967c 00000004 b __rt_putc_host_buffer_index	/home/user/gap_sdk/rtos/pulp/pulp-os/libs/io/io.c:48
/home/user/gapuino/test_camera_io/BUILD/GAP8_V2/GCC_RISCV/test:000003dc 00000004 D __rt_rtc_init_done	/home/user/gap_sdk/rtos/pulp/pulp-os/drivers_deprecated/dolphin/rtc.c:26
/home/user/gapuino/test_camera_io/BUILD/GAP8_V2/GCC_RISCV/test:1c0096a0 00000004 B __rt_wakeup_use_fast	/home/user/gap_sdk/rtos/pulp/pulp-os/kernel/gap/pmu_driver.c:173
/home/user/gapuino/test_camera_io/BUILD/GAP8_V2/GCC_RISCV/test:1c009654 00000004 b timer_count	/home/user/gap_sdk/rtos/pulp/pulp-os/kernel/time.c:23
/home/user/gapuino/test_camera_io/BUILD/GAP8_V2/GCC_RISCV/test:1c0064f0 00000006 T pi_cluster_conf_init	/home/user/gap_sdk/rtos/pulp/pulp-os/kernel/cluster.c:337
/home/user/gapuino/test_camera_io/BUILD/GAP8_V2/GCC_RISCV/test:1c003b02 00000006 t __pi_host_fs_seek	/home/user/gap_sdk/rtos/pmsis/pmsis_bsp/fs/host_fs/host_fs.c:109
/home/user/gapuino/test_camera_io/BUILD/GAP8_V2/GCC_RISCV/test:1c007634 00000006 T putchar	/home/user/gap_sdk/rtos/pulp/pulp-os/libs/io/io.c:621
/home/user/gapuino/test_camera_io/BUILD/GAP8_V2/GCC_RISCV/test:1c0062fa 00000006 T __rt_fll_set_freq	/home/user/gap_sdk/rtos/pulp/pulp-os/kernel/gap/pmu_driver.c:884
/home/user/gapuino/test_camera_io/BUILD/GAP8_V2/GCC_RISCV/test:1c004f1a 00000006 T semihost_close	/home/user/gap_sdk/rtos/pmsis/pmsis_bsp/fs/host_fs/semihost.c:18
/home/user/gapuino/test_camera_io/BUILD/GAP8_V2/GCC_RISCV/test:1c004f6c 00000006 T semihost_exit	/home/user/gap_sdk/rtos/pmsis/pmsis_bsp/fs/host_fs/semihost.c:47
/home/user/gapuino/test_camera_io/BUILD/GAP8_V2/GCC_RISCV/test:1c004eea 00000006 T semihost_write0	/home/user/gap_sdk/rtos/pmsis/pmsis_bsp/fs/host_fs/semihost.c:6
/home/user/gapuino/test_camera_io/BUILD/GAP8_V2/GCC_RISCV/test:1c00926c 00000007 d SystemStateToSCUFastSeq	/home/user/gap_sdk/rtos/pulp/pulp-os/kernel/gap/pmu_driver.c:176
/home/user/gapuino/test_camera_io/BUILD/GAP8_V2/GCC_RISCV/test:1c00928c 00000008 D FllsFrequency
/home/user/gapuino/test_camera_io/BUILD/GAP8_V2/GCC_RISCV/test:1c003458 00000008 t pi_flash_read_async	/home/user/gap_sdk/rtos/pmsis/pmsis_bsp/include/bsp/flash.h:422
/home/user/gapuino/test_camera_io/BUILD/GAP8_V2/GCC_RISCV/test:1c0033f4 00000008 T pi_fs_close	/home/user/gap_sdk/rtos/pmsis/pmsis_bsp/fs/fs.c:80
/home/user/gapuino/test_camera_io/BUILD/GAP8_V2/GCC_RISCV/test:1c0033ec 00000008 T pi_fs_open	/home/user/gap_sdk/rtos/pmsis/pmsis_bsp/fs/fs.c:74
/home/user/gapuino/test_camera_io/BUILD/GAP8_V2/GCC_RISCV/test:1c0033fc 00000008 T pi_fs_read_async	/home/user/gap_sdk/rtos/pmsis/pmsis_bsp/fs/fs.c:85
/home/user/gapuino/test_camera_io/BUILD/GAP8_V2/GCC_RISCV/test:1c0033e4 00000008 T pi_fs_unmount	/home/user/gap_sdk/rtos/pmsis/pmsis_bsp/fs/fs.c:68
/home/user/gapuino/test_camera_io/BUILD/GAP8_V2/GCC_RISCV/test:1c00342a 00000008 T pi_fs_write_async	/home/user/gap_sdk/rtos/pmsis/pmsis_bsp/fs/fs.c:98
/home/user/gapuino/test_camera_io/BUILD/GAP8_V2/GCC_RISCV/test:1c009698 00000008 B __rt_freq_domains
/home/user/gapuino/test_camera_io/BUILD/GAP8_V2/GCC_RISCV/test:000002b0 00000008 D __rt_socevents_status
/home/user/gapuino/test_camera_io/BUILD/GAP8_V2/GCC_RISCV/test:1c00966c 00000008 b __rt_spim_open_count	/home/user/gap_sdk/rtos/pulp/pulp-os/drivers_deprecated/spim/spim-v2.c:26
/home/user/gapuino/test_camera_io/BUILD/GAP8_V2/GCC_RISCV/test:1c0076d8 0000000a T abort	/home/user/gap_sdk/rtos/pulp/pulp-os/libs/io/io.c:739
/home/user/gapuino/test_camera_io/BUILD/GAP8_V2/GCC_RISCV/test:1c004f72 0000000a T bsp_himax_conf_init	/home/user/gap_sdk/rtos/pmsis/pmsis_bsp/bsp/gapuino.c:108
/home/user/gapuino/test_camera_io/BUILD/GAP8_V2/GCC_RISCV/test:1c003dd6 0000000a T __himax_capture_async	/home/user/gap_sdk/rtos/pmsis/pmsis_bsp/camera/himax/himax.c:475
/home/user/gapuino/test_camera_io/BUILD/GAP8_V2/GCC_RISCV/test:1c0068ce 0000000a T pi_cpi_conf_init	/home/user/gap_sdk/rtos/pulp/pulp-os/drivers/cpi/cpi-v1.c:29
/home/user/gapuino/test_camera_io/BUILD/GAP8_V2/GCC_RISCV/test:1c00418c 0000000a T pi_partition_get_flash_offset	/home/user/gap_sdk/rtos/pmsis/pmsis_bsp/partition/partition.c:38
/home/user/gapuino/test_camera_io/BUILD/GAP8_V2/GCC_RISCV/test:1c006fcc 0000000a T __rt_himax_init	/home/user/gap_sdk/rtos/pulp/pulp-os/drivers_deprecated/camera/himax.c:400
/home/user/gapuino/test_camera_io/BUILD/GAP8_V2/GCC_RISCV/test:1c0093c0 0000000c b cam	/home/user/gapuino/test_camera_io/format.h:42
/home/user/gapuino/test_camera_io/BUILD/GAP8_V2/GCC_RISCV/test:1c003c8e 0000000c T pi_camera_open	/home/user/gap_sdk/rtos/pmsis/pmsis_bsp/camera/camera.c:24
/home/user/gapuino/test_camera_io/BUILD/GAP8_V2/GCC_RISCV/test:1c003ad0 0000000c t __pi_host_fs_mount	/home/user/gap_sdk/rtos/pmsis/pmsis_bsp/fs/host_fs/host_fs.c:34
/home/user/gapuino/test_camera_io/BUILD/GAP8_V2/GCC_RISCV/test:1c0059e0 0000000c T pi_l2_malloc	/home/user/gap_sdk/rtos/pulp/pulp-os/kernel/alloc.c:595
/home/user/gapuino/test_camera_io/BUILD/GAP8_V2/GCC_RISCV/test:00000004 0000000c D __rt_cluster_pool
/home/user/gapuino/test_camera_io/BUILD/GAP8_V2/GCC_RISCV/test:1c006db6 0000000c T __rt_padframe_init	/home/user/gap_sdk/rtos/pulp/pulp-os/drivers_deprecated/pads/pads-v1.c:58
/home/user/gapuino/test_camera_io/BUILD/GAP8_V2/GCC_RISCV/test:1c006e2e 0000000c T __rt_udma_channel_reg_data	/home/user/gap_sdk/rtos/pulp/pulp-os/drivers/udma/udma-v2.c:100
/home/user/gapuino/test_camera_io/BUILD/GAP8_V2/GCC_RISCV/test:1c004edc 0000000e t __internal_semihost	/home/user/gap_sdk/rtos/pmsis/pmsis_bsp/fs/host_fs/semihost.h:75
/home/user/gapuino/test_camera_io/BUILD/GAP8_V2/GCC_RISCV/test:1c0059ec 0000000e T pi_l2_free	/home/user/gap_sdk/rtos/pulp/pulp-os/kernel/alloc.c:600
/home/user/gapuino/test_camera_io/BUILD/GAP8_V2/GCC_RISCV/test:1c00700c 0000000e t __rt_io_end_of_flush	/home/user/gap_sdk/rtos/pulp/pulp-os/libs/io/io.c:366
/home/user/gapuino/test_camera_io/BUILD/GAP8_V2/GCC_RISCV/test:1c007418 00000010 T memset	/home/user/gap_sdk/rtos/pulp/pulp-os/libs/io/io.c:150
/home/user/gapuino/test_camera_io/BUILD/GAP8_V2/GCC_RISCV/test:1c00349e 00000010 t __pi_read_fs_seek	/home/user/gap_sdk/rtos/pmsis/pmsis_bsp/fs/read_fs/read_fs.c:517
/home/user/gapuino/test_camera_io/BUILD/GAP8_V2/GCC_RISCV/test:1c009274 00000010 D PMUState
/home/user/gapuino/test_camera_io/BUILD/GAP8_V2/GCC_RISCV/test:1b000c0c 00000010 d __rt_io_fc_lock	/home/user/gap_sdk/rtos/pulp/pulp-os/libs/io/io.c:35
/home/user/gapuino/test_camera_io/BUILD/GAP8_V2/GCC_RISCV/test:1c009154 00000010 V __rt_padframe_default	/home/user/gap_sdk/rtos/pulp/pulp-os/drivers_deprecated/pads/pads-v1.c:28
/home/user/gapuino/test_camera_io/BUILD/GAP8_V2/GCC_RISCV/test:1c009164 00000010 V __rt_padframe_hyper	/home/user/gap_sdk/rtos/pulp/pulp-os/drivers_deprecated/pads/pads-v1.c:30
/home/user/gapuino/test_camera_io/BUILD/GAP8_V2/GCC_RISCV/test:1c009174 00000010 V __rt_padframe_hyper_gpio	/home/user/gap_sdk/rtos/pulp/pulp-os/drivers_deprecated/pads/pads-v1.c:32
/home/user/gapuino/test_camera_io/BUILD/GAP8_V2/GCC_RISCV/test:1c009640 00000010 b __rt_uart	/home/user/gap_sdk/rtos/pulp/pulp-os/drivers_deprecated/uart/uart.c:43
/home/user/gapuino/test_camera_io/BUILD/GAP8_V2/GCC_RISCV/test:1c0084fc 00000010 T rt_uart_conf_init
/home/user/gapuino/test_camera_io/BUILD/GAP8_V2/GCC_RISCV/test:1c0027be 00000012 T main	/home/user/gapuino/test_camera_io/test_camera_himax.c:149
/home/user/gapuino/test_camera_io/BUILD/GAP8_V2/GCC_RISCV/test:1c0033a6 00000012 T pi_fs_conf_init	/home/user/gap_sdk/rtos/pmsis/pmsis_bsp/fs/fs.c:26
/home/user/gapuino/test_camera_io/BUILD/GAP8_V2/GCC_RISCV/test:1c006d7c 00000012 t __pos_i2s_init	/home/user/gap_sdk/rtos/pulp/pulp-os/drivers/i2s/i2s-v1.c:476
/home/user/gapuino/test_camera_io/BUILD/GAP8_V2/GCC_RISCV/test:1c0069be 00000012 t __rt_cpi_init	/home/user/gap_sdk/rtos/pulp/pulp-os/drivers/cpi/cpi-v1.c:115
/home/user/gapuino/test_camera_io/BUILD/GAP8_V2/GCC_RISCV/test:1c005838 00000012 T __rt_event_sched_init	/home/user/gap_sdk/rtos/pulp/pulp-os/kernel/events.c:264
/home/user/gapuino/test_camera_io/BUILD/GAP8_V2/GCC_RISCV/test:1c0062e4 00000012 T __rt_fll_init	/home/user/gap_sdk/rtos/pulp/pulp-os/kernel/gap/pmu_driver.c:871
/home/user/gapuino/test_camera_io/BUILD/GAP8_V2/GCC_RISCV/test:1c006fd6 00000012 T __rt_i2c_init	/home/user/gap_sdk/rtos/pulp/pulp-os/drivers_deprecated/i2c/i2c-v2.c:236
/home/user/gapuino/test_camera_io/BUILD/GAP8_V2/GCC_RISCV/test:1c006fe8 00000012 T __rt_rtc_init	/home/user/gap_sdk/rtos/pulp/pulp-os/drivers_deprecated/dolphin/rtc.c:414
/home/user/gapuino/test_camera_io/BUILD/GAP8_V2/GCC_RISCV/test:1c006ffa 00000012 T __rt_spim_init	/home/user/gap_sdk/rtos/pulp/pulp-os/drivers_deprecated/spim/spim-v2.c:446
/home/user/gapuino/test_camera_io/BUILD/GAP8_V2/GCC_RISCV/test:1c006d18 00000014 T pi_i2c_conf_init	/home/user/gap_sdk/rtos/pulp/pulp-os/drivers/i2c/i2c-v2.c:300
/home/user/gapuino/test_camera_io/BUILD/GAP8_V2/GCC_RISCV/test:0000001c 00000014 D __rt_sched
/home/user/gapuino/test_camera_io/BUILD/GAP8_V2/GCC_RISCV/test:1c004f58 00000014 T semihost_seek	/home/user/gap_sdk/rtos/pmsis/pmsis_bsp/fs/host_fs/semihost.c:36
/home/user/gapuino/test_camera_io/BUILD/GAP8_V2/GCC_RISCV/test:1c0073ce 00000014 T strcmp	/home/user/gap_sdk/rtos/pulp/pulp-os/libs/io/io.c:97
/home/user/gapuino/test_camera_io/BUILD/GAP8_V2/GCC_RISCV/test:1c007402 00000016 T strlen	/home/user/gap_sdk/rtos/pulp/pulp-os/libs/io/io.c:124
/home/user/gapuino/test_camera_io/BUILD/GAP8_V2/GCC_RISCV/test:1b000bf0 00000018 d cbsys_first	/home/user/gap_sdk/rtos/pulp/pulp-os/kernel/utils.c:30
/home/user/gapuino/test_camera_io/BUILD/GAP8_V2/GCC_RISCV/test:1c003d62 00000018 T __himax_reg_set	/home/user/gap_sdk/rtos/pmsis/pmsis_bsp/camera/himax/himax.c:484
/home/user/gapuino/test_camera_io/BUILD/GAP8_V2/GCC_RISCV/test:1c003506 00000018 t __pi_read_fs_copy_2d_async	/home/user/gap_sdk/rtos/pmsis/pmsis_bsp/fs/read_fs/read_fs.c:657
/home/user/gapuino/test_camera_io/BUILD/GAP8_V2/GCC_RISCV/test:1c0034ee 00000018 t __pi_read_fs_copy_async	/home/user/gap_sdk/rtos/pmsis/pmsis_bsp/fs/read_fs/read_fs.c:648
/home/user/gapuino/test_camera_io/BUILD/GAP8_V2/GCC_RISCV/test:1c005820 00000018 T rt_event_wait	/home/user/gap_sdk/rtos/pulp/pulp-os/kernel/events.c:257
/home/user/gapuino/test_camera_io/BUILD/GAP8_V2/GCC_RISCV/test:1c009184 00000018 V __rt_padframe_profiles
/home/user/gapuino/test_camera_io/BUILD/GAP8_V2/GCC_RISCV/test:1c0059fa 00000018 t __rt_time_poweroff	/home/user/gap_sdk/rtos/pulp/pulp-os/kernel/time.c:28
/home/user/gapuino/test_camera_io/BUILD/GAP8_V2/GCC_RISCV/test:1c005a12 00000018 t __rt_time_poweron	/home/user/gap_sdk/rtos/pulp/pulp-os/kernel/time.c:37
/home/user/gapuino/test_camera_io/BUILD/GAP8_V2/GCC_RISCV/test:1c006e16 00000018 T __rt_udma_channel_init	/home/user/gap_sdk/rtos/pulp/pulp-os/drivers/udma/udma-v2.c:89
/home/user/gapuino/test_camera_io/BUILD/GAP8_V2/GCC_RISCV/test:1c0056a6 00000018 T __rt_wait_event_prepare_blocking	/home/user/gap_sdk/rtos/pulp/pulp-os/kernel/events.c:42
/home/user/gapuino/test_camera_io/BUILD/GAP8_V2/GCC_RISCV/test:1c0075ea 0000001a T fputc_locked
/home/user/gapuino/test_camera_io/BUILD/GAP8_V2/GCC_RISCV/test:1c005732 0000001a T rt_event_get	/home/user/gap_sdk/rtos/pulp/pulp-os/kernel/events.c:105
/home/user/gapuino/test_camera_io/BUILD/GAP8_V2/GCC_RISCV/test:1c00745e 0000001a T strchr	/home/user/gap_sdk/rtos/pulp/pulp-os/libs/io/io.c:278
/home/user/gapuino/test_camera_io/BUILD/GAP8_V2/GCC_RISCV/test:1c009138 0000001c d himax_api	/home/user/gap_sdk/rtos/pmsis/pmsis_bsp/camera/himax/himax.c:502
/home/user/gapuino/test_camera_io/BUILD/GAP8_V2/GCC_RISCV/test:1c003c16 0000001c t __pi_host_fs_close	/home/user/gap_sdk/rtos/pmsis/pmsis_bsp/fs/host_fs/host_fs.c:67
/home/user/gapuino/test_camera_io/BUILD/GAP8_V2/GCC_RISCV/test:1c005408 0000001c t __rt_event_enqueue	/home/user/gap_sdk/install/GAP8_V2/include/rt/rt_event.h:397
/home/user/gapuino/test_camera_io/BUILD/GAP8_V2/GCC_RISCV/test:1c004f20 0000001c T semihost_read	/home/user/gap_sdk/rtos/pmsis/pmsis_bsp/fs/host_fs/semihost.c:24
/home/user/gapuino/test_camera_io/BUILD/GAP8_V2/GCC_RISCV/test:1c004f3c 0000001c T semihost_write	/home/user/gap_sdk/rtos/pmsis/pmsis_bsp/fs/host_fs/semihost.c:30
/home/user/gapuino/test_camera_io/BUILD/GAP8_V2/GCC_RISCV/test:1c005584 0000001e T __rt_bridge_clear_notif	/home/user/gap_sdk/rtos/pulp/pulp-os/kernel/bridge.c:838
/home/user/gapuino/test_camera_io/BUILD/GAP8_V2/GCC_RISCV/test:1c005546 0000001e T __rt_bridge_set_available	/home/user/gap_sdk/rtos/pulp/pulp-os/kernel/bridge.c:725
/home/user/gapuino/test_camera_io/BUILD/GAP8_V2/GCC_RISCV/test:1c008360 0000001e t sprintf_out
/home/user/gapuino/test_camera_io/BUILD/GAP8_V2/GCC_RISCV/test:1c003cdc 00000020 t __himax_reg_write	/home/user/gap_sdk/rtos/pmsis/pmsis_bsp/camera/himax/himax.c:163
/home/user/gapuino/test_camera_io/BUILD/GAP8_V2/GCC_RISCV/test:1c007812 00000020 t _rlrshift	/home/user/gap_sdk/rtos/pulp/pulp-os/libs/io/prf.c:122
/home/user/gapuino/test_camera_io/BUILD/GAP8_V2/GCC_RISCV/test:1c005424 00000020 t __rt_bridge_check_bridge_req.part.5	/home/user/gap_sdk/rtos/pulp/pulp-os/kernel/bridge.c:638
/home/user/gapuino/test_camera_io/BUILD/GAP8_V2/GCC_RISCV/test:1c005564 00000020 T __rt_bridge_send_notif	/home/user/gap_sdk/rtos/pulp/pulp-os/kernel/bridge.c:821
/home/user/gapuino/test_camera_io/BUILD/GAP8_V2/GCC_RISCV/test:1c0094b4 00000020 b __rt_cpi	/home/user/gap_sdk/rtos/pulp/pulp-os/drivers/cpi/cpi-v1.c:23
/home/user/gapuino/test_camera_io/BUILD/GAP8_V2/GCC_RISCV/test:1c007106 00000020 t rt_event_execute.isra.4.constprop.12	/home/user/gap_sdk/rtos/pulp/pulp-os/libs/io/io.c:795
/home/user/gapuino/test_camera_io/BUILD/GAP8_V2/GCC_RISCV/test:1c009320 00000020 d __rt_i2c	/home/user/gap_sdk/rtos/pulp/pulp-os/drivers_deprecated/i2c/i2c-v2.c:28
/home/user/gapuino/test_camera_io/BUILD/GAP8_V2/GCC_RISCV/test:1c00584a 00000020 T rt_user_alloc_init	/home/user/gap_sdk/rtos/pulp/pulp-os/kernel/alloc.c:193
/home/user/gapuino/test_camera_io/BUILD/GAP8_V2/GCC_RISCV/test:1c0073e2 00000020 T strncmp	/home/user/gap_sdk/rtos/pulp/pulp-os/libs/io/io.c:108
/home/user/gapuino/test_camera_io/BUILD/GAP8_V2/GCC_RISCV/test:1c003de0 00000022 t __himax_standby
/home/user/gapuino/test_camera_io/BUILD/GAP8_V2/GCC_RISCV/test:1c00592c 00000022 T __rt_alloc_init_l1	/home/user/gap_sdk/rtos/pulp/pulp-os/kernel/alloc.c:445
/home/user/gapuino/test_camera_io/BUILD/GAP8_V2/GCC_RISCV/test:1c00574c 00000022 T rt_event_get_blocking	/home/user/gap_sdk/rtos/pulp/pulp-os/kernel/events.c:127
/home/user/gapuino/test_camera_io/BUILD/GAP8_V2/GCC_RISCV/test:1c005aa4 00000022 T rt_time_wait_us	/home/user/gap_sdk/rtos/pulp/pulp-os/kernel/time.c:124
/home/user/gapuino/test_camera_io/BUILD/GAP8_V2/GCC_RISCV/test:1c008404 00000022 t __rt_uart_setfreq_after	/home/user/gap_sdk/rtos/pulp/pulp-os/drivers_deprecated/uart/uart.c:135
/home/user/gapuino/test_camera_io/BUILD/GAP8_V2/GCC_RISCV/test:1c005312 00000022 T __rt_utils_init	/home/user/gap_sdk/rtos/pulp/pulp-os/kernel/utils.c:84
/home/user/gapuino/test_camera_io/BUILD/GAP8_V2/GCC_RISCV/test:1c004370 00000024 T flash_partition_table_free	/home/user/gap_sdk/rtos/pmsis/pmsis_bsp/partition/flash_partition.c:221
/home/user/gapuino/test_camera_io/BUILD/GAP8_V2/GCC_RISCV/test:1c003e02 00000024 t __himax_close	/home/user/gap_sdk/rtos/pmsis/pmsis_bsp/camera/himax/himax.c:423
/home/user/gapuino/test_camera_io/BUILD/GAP8_V2/GCC_RISCV/test:1c003bae 00000024 t __pi_host_fs_read_async	/home/user/gap_sdk/rtos/pmsis/pmsis_bsp/fs/host_fs/host_fs.c:74
/home/user/gapuino/test_camera_io/BUILD/GAP8_V2/GCC_RISCV/test:1c006bdc 00000024 T pi_i2c_read	/home/user/gap_sdk/rtos/pulp/pulp-os/drivers/i2c/i2c-v2.c:230
/home/user/gapuino/test_camera_io/BUILD/GAP8_V2/GCC_RISCV/test:1c006afc 00000024 T pi_i2c_write	/home/user/gap_sdk/rtos/pulp/pulp-os/drivers/i2c/i2c-v2.c:182
/home/user/gapuino/test_camera_io/BUILD/GAP8_V2/GCC_RISCV/test:1c00351e 00000024 t rt_event_enqueue	/home/user/gap_sdk/install/GAP8_V2/include/rt/rt_event.h:411
/home/user/gapuino/test_camera_io/BUILD/GAP8_V2/GCC_RISCV/test:1c003ade 00000024 t rt_event_enqueue	/home/user/gap_sdk/install/GAP8_V2/include/rt/rt_event.h:411
/home/user/gapuino/test_camera_io/BUILD/GAP8_V2/GCC_RISCV/test:1c00576e 00000024 T rt_event_push	/home/user/gap_sdk/rtos/pulp/pulp-os/kernel/events.c:139
/home/user/gapuino/test_camera_io/BUILD/GAP8_V2/GCC_RISCV/test:1c0083e0 00000024 t __rt_uart_setup.isra.5	/home/user/gap_sdk/rtos/pulp/pulp-os/drivers_deprecated/uart/uart.c:222
/home/user/gapuino/test_camera_io/BUILD/GAP8_V2/GCC_RISCV/test:1c004f80 00000026 t cluster_start	/home/user/gap_sdk/rtos/pulp/pulp-os/kernel/init.c:198
/home/user/gapuino/test_camera_io/BUILD/GAP8_V2/GCC_RISCV/test:1c003404 00000026 T pi_fs_read	/home/user/gap_sdk/rtos/pmsis/pmsis_bsp/fs/fs.c:90
/home/user/gapuino/test_camera_io/BUILD/GAP8_V2/GCC_RISCV/test:1c003432 00000026 T pi_fs_write	/home/user/gap_sdk/rtos/pmsis/pmsis_bsp/fs/fs.c:103
/home/user/gapuino/test_camera_io/BUILD/GAP8_V2/GCC_RISCV/test:1c0083ba 00000026 T __rt_uart_cluster_req_done	/home/user/gap_sdk/rtos/pulp/pulp-os/drivers_deprecated/uart/uart.c:253
/home/user/gapuino/test_camera_io/BUILD/GAP8_V2/GCC_RISCV/test:1c005ee2 00000026 t soc_eu_fcEventMask_setEvent	/home/user/gap_sdk/install/GAP8_V2/include/hal/soc_eu/soc_eu_v1.h:60
/home/user/gapuino/test_camera_io/BUILD/GAP8_V2/GCC_RISCV/test:1c0069d0 00000026 t soc_eu_fcEventMask_setEvent	/home/user/gap_sdk/install/GAP8_V2/include/hal/soc_eu/soc_eu_v1.h:60
/home/user/gapuino/test_camera_io/BUILD/GAP8_V2/GCC_RISCV/test:1c0084d6 00000026 t soc_eu_fcEventMask_setEvent	/home/user/gap_sdk/install/GAP8_V2/include/hal/soc_eu/soc_eu_v1.h:60
/home/user/gapuino/test_camera_io/BUILD/GAP8_V2/GCC_RISCV/test:1c009110 00000028 D __pi_host_fs_api
/home/user/gapuino/test_camera_io/BUILD/GAP8_V2/GCC_RISCV/test:1c003b86 00000028 t __pi_host_fs_write_async	/home/user/gap_sdk/rtos/pmsis/pmsis_bsp/fs/host_fs/host_fs.c:100
/home/user/gapuino/test_camera_io/BUILD/GAP8_V2/GCC_RISCV/test:1c0090e8 00000028 D __pi_read_fs_api
/home/user/gapuino/test_camera_io/BUILD/GAP8_V2/GCC_RISCV/test:1c00763a 00000028 T _prf_locked	/home/user/gap_sdk/rtos/pulp/pulp-os/libs/io/io.c:626
/home/user/gapuino/test_camera_io/BUILD/GAP8_V2/GCC_RISCV/test:1c00594e 00000028 T __rt_alloc_init_l1_for_fc	/home/user/gap_sdk/rtos/pulp/pulp-os/kernel/alloc.c:452
/home/user/gapuino/test_camera_io/BUILD/GAP8_V2/GCC_RISCV/test:1c00510c 00000028 T __rt_deinit	/home/user/gap_sdk/rtos/pulp/pulp-os/kernel/init.c:163
/home/user/gapuino/test_camera_io/BUILD/GAP8_V2/GCC_RISCV/test:1c00567e 00000028 T __rt_event_init	/home/user/gap_sdk/rtos/pulp/pulp-os/kernel/events.c:32
/home/user/gapuino/test_camera_io/BUILD/GAP8_V2/GCC_RISCV/test:1c0096a8 00000028 B __rt_fc_cluster_data
/home/user/gapuino/test_camera_io/BUILD/GAP8_V2/GCC_RISCV/test:1c0073a6 00000028 t __rt_io_stop	/home/user/gap_sdk/rtos/pulp/pulp-os/libs/io/io.c:769
/home/user/gapuino/test_camera_io/BUILD/GAP8_V2/GCC_RISCV/test:1c006d8e 00000028 T rt_padframe_set	/home/user/gap_sdk/rtos/pulp/pulp-os/drivers_deprecated/pads/pads-v1.c:77
/home/user/gapuino/test_camera_io/BUILD/GAP8_V2/GCC_RISCV/test:000002b8 00000028 D __rt_udma_extra_callback
/home/user/gapuino/test_camera_io/BUILD/GAP8_V2/GCC_RISCV/test:000002e0 00000028 D __rt_udma_extra_callback_arg
/home/user/gapuino/test_camera_io/BUILD/GAP8_V2/GCC_RISCV/test:1c003d38 0000002a t __himax_set_qqvga	/home/user/gap_sdk/rtos/pmsis/pmsis_bsp/camera/himax/himax.c:214
/home/user/gapuino/test_camera_io/BUILD/GAP8_V2/GCC_RISCV/test:1c006f22 0000002a t __rt_i2s_setfreq_after	/home/user/gap_sdk/rtos/pulp/pulp-os/drivers_deprecated/i2s/i2s-v1.c:235
/home/user/gapuino/test_camera_io/BUILD/GAP8_V2/GCC_RISCV/test:1c0057f6 0000002a T __rt_wait_event	/home/user/gap_sdk/rtos/pulp/pulp-os/kernel/events.c:247
/home/user/gapuino/test_camera_io/BUILD/GAP8_V2/GCC_RISCV/test:1c004ef0 0000002a T semihost_open	/home/user/gap_sdk/rtos/pmsis/pmsis_bsp/fs/host_fs/semihost.c:11
/home/user/gapuino/test_camera_io/BUILD/GAP8_V2/GCC_RISCV/test:1c0033b8 0000002c T pi_fs_mount	/home/user/gap_sdk/rtos/pmsis/pmsis_bsp/fs/fs.c:40
/home/user/gapuino/test_camera_io/BUILD/GAP8_V2/GCC_RISCV/test:1c007754 0000002c T printf	/home/user/gap_sdk/rtos/pulp/pulp-os/libs/io/fprintf.c:41
/home/user/gapuino/test_camera_io/BUILD/GAP8_V2/GCC_RISCV/test:1c0075be 0000002c T puts	/home/user/gap_sdk/rtos/pulp/pulp-os/libs/io/io.c:576
/home/user/gapuino/test_camera_io/BUILD/GAP8_V2/GCC_RISCV/test:1c006f4c 0000002c t __rt_i2s_setfreq_before	/home/user/gap_sdk/rtos/pulp/pulp-os/drivers_deprecated/i2s/i2s-v1.c:219
/home/user/gapuino/test_camera_io/BUILD/GAP8_V2/GCC_RISCV/test:1c009488 0000002c b __rt_pulpos_emu_global_cluster_task	/home/user/gap_sdk/rtos/pulp/pulp-os/kernel/pulpos_emu.c:26
/home/user/gapuino/test_camera_io/BUILD/GAP8_V2/GCC_RISCV/test:1c008468 0000002c t __rt_uart_setfreq_before	/home/user/gap_sdk/rtos/pulp/pulp-os/drivers_deprecated/uart/uart.c:102
/home/user/gapuino/test_camera_io/BUILD/GAP8_V2/GCC_RISCV/test:1c005eb6 0000002c t SetFllMultDivFactors
/home/user/gapuino/test_camera_io/BUILD/GAP8_V2/GCC_RISCV/test:1c00415e 0000002e T pi_himax_conf_init	/home/user/gap_sdk/rtos/pmsis/pmsis_bsp/camera/himax/himax.c:512
/home/user/gapuino/test_camera_io/BUILD/GAP8_V2/GCC_RISCV/test:1c0058fe 0000002e T rt_alloc
/home/user/gapuino/test_camera_io/BUILD/GAP8_V2/GCC_RISCV/test:1c006e3a 0000002e t __rt_hyper_init	/home/user/gap_sdk/rtos/pulp/pulp-os/drivers/hyper/hyperram-v1.c:995
/home/user/gapuino/test_camera_io/BUILD/GAP8_V2/GCC_RISCV/test:1c007604 00000030 T fputc	/home/user/gap_sdk/rtos/pulp/pulp-os/libs/io/io.c:603
/home/user/gapuino/test_camera_io/BUILD/GAP8_V2/GCC_RISCV/test:1c0052e2 00000030 T __rt_cbsys_exec	/home/user/gap_sdk/rtos/pulp/pulp-os/kernel/utils.c:71
/home/user/gapuino/test_camera_io/BUILD/GAP8_V2/GCC_RISCV/test:1c0093cc 00000032 b imgName	/home/user/gapuino/test_camera_io/format.h:44
/home/user/gapuino/test_camera_io/BUILD/GAP8_V2/GCC_RISCV/test:1c004cd6 00000032 T MD5_Init	/home/user/gap_sdk/rtos/pmsis/pmsis_bsp/crc/md5.c:207
/home/user/gapuino/test_camera_io/BUILD/GAP8_V2/GCC_RISCV/test:1c0065ce 00000032 T pi_cluster_close	/home/user/gap_sdk/rtos/pulp/pulp-os/kernel/cluster.c:370
/home/user/gapuino/test_camera_io/BUILD/GAP8_V2/GCC_RISCV/test:1c003374 00000032 t pi_task_wait_on.isra.3	/home/user/gap_sdk/install/GAP8_V2/include/pmsis/implem/implem.h:70
/home/user/gapuino/test_camera_io/BUILD/GAP8_V2/GCC_RISCV/test:1c0069f6 00000032 t pi_task_wait_on.isra.3	/home/user/gap_sdk/install/GAP8_V2/include/hal/soc_eu/soc_eu_v1.h:55
/home/user/gapuino/test_camera_io/BUILD/GAP8_V2/GCC_RISCV/test:1c005334 00000032 T __rt_fc_lock	/home/user/gap_sdk/rtos/pulp/pulp-os/kernel/utils.c:92
/home/user/gapuino/test_camera_io/BUILD/GAP8_V2/GCC_RISCV/test:000003a8 00000034 D dev_rtc	/home/user/gap_sdk/rtos/pulp/pulp-os/drivers_deprecated/dolphin/rtc.c:24
/home/user/gapuino/test_camera_io/BUILD/GAP8_V2/GCC_RISCV/test:1c007876 00000034 t _get_digit	/home/user/gap_sdk/rtos/pulp/pulp-os/libs/io/prf.c:167
/home/user/gapuino/test_camera_io/BUILD/GAP8_V2/GCC_RISCV/test:1c00698a 00000034 T pi_cpi_capture_async	/home/user/gap_sdk/rtos/pulp/pulp-os/drivers/cpi/cpi-v1.c:102
/home/user/gapuino/test_camera_io/BUILD/GAP8_V2/GCC_RISCV/test:1c00564a 00000034 T __rt_bridge_init	/home/user/gap_sdk/rtos/pulp/pulp-os/kernel/bridge.c:851
/home/user/gapuino/test_camera_io/BUILD/GAP8_V2/GCC_RISCV/test:1c005366 00000034 T __rt_fc_unlock	/home/user/gap_sdk/rtos/pulp/pulp-os/kernel/utils.c:127
/home/user/gapuino/test_camera_io/BUILD/GAP8_V2/GCC_RISCV/test:1c006eee 00000034 t __rt_i2s_resume	/home/user/gap_sdk/rtos/pulp/pulp-os/drivers_deprecated/i2s/i2s-v1.c:186
/home/user/gapuino/test_camera_io/BUILD/GAP8_V2/GCC_RISCV/test:1c007196 00000034 t __rt_putc_host_cluster_req	/home/user/gap_sdk/rtos/pulp/pulp-os/libs/io/io.c:451
/home/user/gapuino/test_camera_io/BUILD/GAP8_V2/GCC_RISCV/test:1c0085e8 00000034 T rt_uart_cluster_write	/home/user/gap_sdk/rtos/pulp/pulp-os/drivers_deprecated/uart/uart.c:277
/home/user/gapuino/test_camera_io/BUILD/GAP8_V2/GCC_RISCV/test:1c007428 00000036 T memcpy	/home/user/gap_sdk/rtos/pulp/pulp-os/libs/io/io.c:159
/home/user/gapuino/test_camera_io/BUILD/GAP8_V2/GCC_RISCV/test:1c0053d2 00000036 T __rt_fc_cluster_unlock	/home/user/gap_sdk/rtos/pulp/pulp-os/kernel/utils.c:199
/home/user/gapuino/test_camera_io/BUILD/GAP8_V2/GCC_RISCV/test:1c003542 00000038 t __pi_fs_free	/home/user/gap_sdk/rtos/pmsis/pmsis_bsp/fs/read_fs/read_fs.c:122
/home/user/gapuino/test_camera_io/BUILD/GAP8_V2/GCC_RISCV/test:1c00539a 00000038 T __rt_fc_cluster_lock	/home/user/gap_sdk/rtos/pulp/pulp-os/kernel/utils.c:189
/home/user/gapuino/test_camera_io/BUILD/GAP8_V2/GCC_RISCV/test:1c0055a2 0000003a T __rt_bridge_printf_flush
/home/user/gapuino/test_camera_io/BUILD/GAP8_V2/GCC_RISCV/test:1c003cfc 0000003c t __himax_init_regs	/home/user/gap_sdk/rtos/pmsis/pmsis_bsp/camera/himax/himax.c:192
/home/user/gapuino/test_camera_io/BUILD/GAP8_V2/GCC_RISCV/test:1c006670 0000003c T __rt_cluster_new	/home/user/gap_sdk/rtos/pulp/pulp-os/kernel/cluster.c:445
/home/user/gapuino/test_camera_io/BUILD/GAP8_V2/GCC_RISCV/test:1c0066ac 0000003c t __rt_cluster_pulpos_emu_init	/home/user/gap_sdk/rtos/pulp/pulp-os/kernel/pulpos_emu.c:29
/home/user/gapuino/test_camera_io/BUILD/GAP8_V2/GCC_RISCV/test:1c0074d6 0000003c T __rt_putc_uart	/home/user/gap_sdk/rtos/pulp/pulp-os/libs/io/io.c:412
/home/user/gapuino/test_camera_io/BUILD/GAP8_V2/GCC_RISCV/test:1c00837e 0000003c T sprintf	/home/user/gap_sdk/rtos/pulp/pulp-os/libs/io/sprintf.c:55
/home/user/gapuino/test_camera_io/BUILD/GAP8_V2/GCC_RISCV/test:1c003460 0000003e t __pi_read_fs_write	/home/user/gap_sdk/rtos/pmsis/pmsis_bsp/fs/read_fs/read_fs.c:499
/home/user/gapuino/test_camera_io/BUILD/GAP8_V2/GCC_RISCV/test:1c0052a4 0000003e T __rt_cbsys_add	/home/user/gap_sdk/rtos/pulp/pulp-os/kernel/utils.c:57
/home/user/gapuino/test_camera_io/BUILD/GAP8_V2/GCC_RISCV/test:1c005e78 0000003e T __rt_freq_init	/home/user/gap_sdk/rtos/pulp/pulp-os/kernel/gap/freq.c:62
/home/user/gapuino/test_camera_io/BUILD/GAP8_V2/GCC_RISCV/test:1c003c9a 00000040 T pi_camera_capture	/home/user/gap_sdk/rtos/pmsis/pmsis_bsp/camera/camera.c:34
/home/user/gapuino/test_camera_io/BUILD/GAP8_V2/GCC_RISCV/test:1c0034ae 00000040 t __pi_read_fs_direct_read_async	/home/user/gap_sdk/rtos/pmsis/pmsis_bsp/fs/read_fs/read_fs.c:624
/home/user/gapuino/test_camera_io/BUILD/GAP8_V2/GCC_RISCV/test:1c003a90 00000040 t __pi_read_fs_read_async	/home/user/gap_sdk/rtos/pmsis/pmsis_bsp/fs/read_fs/read_fs.c:586
/home/user/gapuino/test_camera_io/BUILD/GAP8_V2/GCC_RISCV/test:1c003bd2 00000042 t __pi_host_fs_copy_async	/home/user/gap_sdk/rtos/pmsis/pmsis_bsp/fs/host_fs/host_fs.c:115
/home/user/gapuino/test_camera_io/BUILD/GAP8_V2/GCC_RISCV/test:1c00706a 00000042 t __rt_do_putc_host	/home/user/gap_sdk/rtos/pulp/pulp-os/libs/io/io.c:430
/home/user/gapuino/test_camera_io/BUILD/GAP8_V2/GCC_RISCV/test:1c008494 00000042 t __rt_uart_cluster_req	/home/user/gap_sdk/rtos/pulp/pulp-os/drivers_deprecated/uart/uart.c:266
/home/user/gapuino/test_camera_io/BUILD/GAP8_V2/GCC_RISCV/test:1c008426 00000042 t __rt_uart_wait_tx_done.isra.6	/home/user/gap_sdk/rtos/pulp/pulp-os/drivers_deprecated/uart/uart.c:222
/home/user/gapuino/test_camera_io/BUILD/GAP8_V2/GCC_RISCV/test:1c0061e6 00000044 T InitFlls	/home/user/gap_sdk/rtos/pulp/pulp-os/kernel/gap/pmu_driver.c:858
/home/user/gapuino/test_camera_io/BUILD/GAP8_V2/GCC_RISCV/test:1c007832 00000044 t _ldiv5	/home/user/gap_sdk/rtos/pulp/pulp-os/libs/io/prf.c:143
/home/user/gapuino/test_camera_io/BUILD/GAP8_V2/GCC_RISCV/test:1c005444 00000046 t __rt_bridge_wait
/home/user/gapuino/test_camera_io/BUILD/GAP8_V2/GCC_RISCV/test:1c006942 00000048 T pi_cpi_close	/home/user/gap_sdk/rtos/pulp/pulp-os/drivers/cpi/cpi-v1.c:73
/home/user/gapuino/test_camera_io/BUILD/GAP8_V2/GCC_RISCV/test:1c00586a 00000048 T rt_user_alloc	/home/user/gap_sdk/rtos/pulp/pulp-os/kernel/alloc.c:207
/home/user/gapuino/test_camera_io/BUILD/GAP8_V2/GCC_RISCV/test:1c0054fc 0000004a T __rt_bridge_check_connection
/home/user/gapuino/test_camera_io/BUILD/GAP8_V2/GCC_RISCV/test:1c005e2e 0000004a T rt_freq_set_and_get	/home/user/gap_sdk/rtos/pulp/pulp-os/kernel/gap/freq.c:30
/home/user/gapuino/test_camera_io/BUILD/GAP8_V2/GCC_RISCV/test:1c005138 0000004c T rt_irq_set_handler	/home/user/gap_sdk/rtos/pulp/pulp-os/kernel/irq.c:61
/home/user/gapuino/test_camera_io/BUILD/GAP8_V2/GCC_RISCV/test:1c0058b2 0000004c T rt_user_free	/home/user/gap_sdk/rtos/pulp/pulp-os/kernel/alloc.c:291
/home/user/gapuino/test_camera_io/BUILD/GAP8_V2/GCC_RISCV/test:1c0037ca 0000004e t __pi_read_fs_close
/home/user/gapuino/test_camera_io/BUILD/GAP8_V2/GCC_RISCV/test:1c00859a 0000004e T rt_uart_close	/home/user/gap_sdk/rtos/pulp/pulp-os/drivers_deprecated/uart/uart.c:228
/home/user/gapuino/test_camera_io/BUILD/GAP8_V2/GCC_RISCV/test:1c005186 00000050 T __rt_handle_illegal_instr	/home/user/gap_sdk/rtos/pulp/pulp-os/kernel/irq.c:94
/home/user/gapuino/test_camera_io/BUILD/GAP8_V2/GCC_RISCV/test:1c006d2c 00000050 t __rt_i2c_init	/home/user/gap_sdk/rtos/pulp/pulp-os/drivers/i2c/i2c-v2.c:307
/home/user/gapuino/test_camera_io/BUILD/GAP8_V2/GCC_RISCV/test:1c00701a 00000050 t __rt_io_uart_wait_req	/home/user/gap_sdk/rtos/pulp/pulp-os/libs/io/io.c:315
/home/user/gapuino/test_camera_io/BUILD/GAP8_V2/GCC_RISCV/test:00000308 00000050 D __rt_udma_channels
/home/user/gapuino/test_camera_io/BUILD/GAP8_V2/GCC_RISCV/test:1c0051d6 00000052 T __rt_irq_init	/home/user/gap_sdk/rtos/pulp/pulp-os/kernel/irq.c:103
/home/user/gapuino/test_camera_io/BUILD/GAP8_V2/GCC_RISCV/test:1c0094d4 00000054 b __pos_i2s	/home/user/gap_sdk/rtos/pulp/pulp-os/drivers/i2s/i2s-v1.c:28
/home/user/gapuino/test_camera_io/BUILD/GAP8_V2/GCC_RISCV/test:1c006f78 00000054 T __rt_i2s_init	/home/user/gap_sdk/rtos/pulp/pulp-os/drivers_deprecated/i2s/i2s-v1.c:268
/home/user/gapuino/test_camera_io/BUILD/GAP8_V2/GCC_RISCV/test:1c006dc2 00000054 T __rt_udma_copy_enqueue	/home/user/gap_sdk/rtos/pulp/pulp-os/drivers/udma/udma-v2.c:55
/home/user/gapuino/test_camera_io/BUILD/GAP8_V2/GCC_RISCV/test:1c00201a 00000056 T __fixsfsi	/home/haugoug/src/riscv-gnu-toolchain/riscv-gcc/libgcc/soft-fp/fixsfsi.c:35
/home/user/gapuino/test_camera_io/BUILD/GAP8_V2/GCC_RISCV/test:1c005d7a 00000056 T __rt_periph_wait_event	/home/user/gap_sdk/rtos/pulp/pulp-os/kernel/periph-v2.c:237
/home/user/gapuino/test_camera_io/BUILD/GAP8_V2/GCC_RISCV/test:1c0025fc 0000005a T printImage	/home/user/gapuino/test_camera_io/test_camera_himax.c:109
/home/user/gapuino/test_camera_io/BUILD/GAP8_V2/GCC_RISCV/test:1c0070ac 0000005a t __rt_io_start	/home/user/gap_sdk/rtos/pulp/pulp-os/libs/io/io.c:746
/home/user/gapuino/test_camera_io/BUILD/GAP8_V2/GCC_RISCV/test:1c003d7a 0000005c T __himax_reg_get	/home/user/gap_sdk/rtos/pmsis/pmsis_bsp/camera/himax/himax.c:493
/home/user/gapuino/test_camera_io/BUILD/GAP8_V2/GCC_RISCV/test:1c003c32 0000005c t __pi_host_fs_open	/home/user/gap_sdk/rtos/pmsis/pmsis_bsp/fs/host_fs/host_fs.c:44
/home/user/gapuino/test_camera_io/BUILD/GAP8_V2/GCC_RISCV/test:1c006778 0000005c T rt_cluster_mount	/home/user/gap_sdk/rtos/pulp/pulp-os/kernel/pulpos_emu.c:68
/home/user/gapuino/test_camera_io/BUILD/GAP8_V2/GCC_RISCV/test:1c00861c 0000005c T __rt_uart_init	/home/user/gap_sdk/rtos/pulp/pulp-os/drivers_deprecated/uart/uart.c:292
/home/user/gapuino/test_camera_io/BUILD/GAP8_V2/GCC_RISCV/test:1c00419c 0000005e T pi_partition_find_first	/home/user/gap_sdk/rtos/pmsis/pmsis_bsp/partition/partition.c:65
/home/user/gapuino/test_camera_io/BUILD/GAP8_V2/GCC_RISCV/test:1c005dd0 0000005e T __rt_periph_init	/home/user/gap_sdk/rtos/pulp/pulp-os/kernel/periph-v2.c:276
/home/user/gapuino/test_camera_io/BUILD/GAP8_V2/GCC_RISCV/test:1c007478 0000005e T __rt_putc_debug_bridge	/home/user/gap_sdk/rtos/pulp/pulp-os/libs/io/io.c:288
/home/user/gapuino/test_camera_io/BUILD/GAP8_V2/GCC_RISCV/test:1c006300 00000062 t __rt_init_cluster_data	/home/user/gap_sdk/rtos/pulp/pulp-os/kernel/cluster.c:72
/home/user/gapuino/test_camera_io/BUILD/GAP8_V2/GCC_RISCV/test:1c006362 00000064 t __rt_cluster_init	/home/user/gap_sdk/rtos/pulp/pulp-os/kernel/cluster.c:382
/home/user/gapuino/test_camera_io/BUILD/GAP8_V2/GCC_RISCV/test:1c005792 00000064 T __rt_event_execute	/home/user/gap_sdk/rtos/pulp/pulp-os/kernel/events.c:189
/home/user/gapuino/test_camera_io/BUILD/GAP8_V2/GCC_RISCV/test:1c0068d8 0000006a T pi_cpi_open	/home/user/gap_sdk/rtos/pulp/pulp-os/drivers/cpi/cpi-v1.c:37
/home/user/gapuino/test_camera_io/BUILD/GAP8_V2/GCC_RISCV/test:1c005976 0000006a T __rt_allocs_init	/home/user/gap_sdk/rtos/pulp/pulp-os/kernel/alloc.c:465
/home/user/gapuino/test_camera_io/BUILD/GAP8_V2/GCC_RISCV/test:1c004394 0000006c T flash_partition_find_first	/home/user/gap_sdk/rtos/pmsis/pmsis_bsp/partition/flash_partition.c:228
/home/user/gapuino/test_camera_io/BUILD/GAP8_V2/GCC_RISCV/test:1c00249e 0000006e T img2file	/home/user/gapuino/test_camera_io/test_camera_himax.c:55
/home/user/gapuino/test_camera_io/BUILD/GAP8_V2/GCC_RISCV/test:1c0055dc 0000006e T __rt_bridge_req_shutdown	/home/user/gap_sdk/rtos/pulp/pulp-os/kernel/bridge.c:774
/home/user/gapuino/test_camera_io/BUILD/GAP8_V2/GCC_RISCV/test:1c003e26 00000070 t __himax_reset	/home/user/gap_sdk/rtos/pmsis/pmsis_bsp/camera/himax/himax.c:203
/home/user/gapuino/test_camera_io/BUILD/GAP8_V2/GCC_RISCV/test:1c0038b0 00000070 t __pi_fs_read_cached	/home/user/gap_sdk/rtos/pmsis/pmsis_bsp/fs/read_fs/read_fs.c:434
/home/user/gapuino/test_camera_io/BUILD/GAP8_V2/GCC_RISCV/test:1c006600 00000070 T __rt_cluster_push_fc_event	/home/user/gap_sdk/rtos/pulp/pulp-os/kernel/cluster.c:413
/home/user/gapuino/test_camera_io/BUILD/GAP8_V2/GCC_RISCV/test:1c007126 00000070 t __rt_io_lock
/home/user/gapuino/test_camera_io/BUILD/GAP8_V2/GCC_RISCV/test:1c0071ca 00000070 t __rt_io_unlock
/home/user/gapuino/test_camera_io/BUILD/GAP8_V2/GCC_RISCV/test:1c00548a 00000072 T __rt_bridge_handle_notif	/home/user/gap_sdk/rtos/pulp/pulp-os/kernel/bridge.c:644
/home/user/gapuino/test_camera_io/BUILD/GAP8_V2/GCC_RISCV/test:1c0076e2 00000072 T __rt_io_init	/home/user/gap_sdk/rtos/pulp/pulp-os/libs/io/io.c:800
/home/user/gapuino/test_camera_io/BUILD/GAP8_V2/GCC_RISCV/test:1c0041fa 00000074 T flash_partition_table_verify	/home/user/gap_sdk/rtos/pmsis/pmsis_bsp/partition/flash_partition.c:80
/home/user/gapuino/test_camera_io/BUILD/GAP8_V2/GCC_RISCV/test:1c0056be 00000074 T rt_event_alloc	/home/user/gap_sdk/rtos/pulp/pulp-os/kernel/events.c:52
/home/user/gapuino/test_camera_io/BUILD/GAP8_V2/GCC_RISCV/test:1c007662 00000076 T exit	/home/user/gap_sdk/rtos/pulp/pulp-os/libs/io/io.c:690
/home/user/gapuino/test_camera_io/BUILD/GAP8_V2/GCC_RISCV/test:1c005a2a 0000007a T rt_event_push_delayed	/home/user/gap_sdk/rtos/pulp/pulp-os/kernel/time.c:59
/home/user/gapuino/test_camera_io/BUILD/GAP8_V2/GCC_RISCV/test:1c005228 0000007c t __rt_fc_cluster_lock_req	/home/user/gap_sdk/rtos/pulp/pulp-os/kernel/utils.c:142
/home/user/gapuino/test_camera_io/BUILD/GAP8_V2/GCC_RISCV/test:1c003b08 0000007e t __pi_host_fs_copy_2d_async	/home/user/gap_sdk/rtos/pmsis/pmsis_bsp/fs/host_fs/host_fs.c:126
/home/user/gapuino/test_camera_io/BUILD/GAP8_V2/GCC_RISCV/test:1c0095c0 00000080 b __rt_io_event	/home/user/gap_sdk/rtos/pulp/pulp-os/libs/io/io.c:39
/home/user/gapuino/test_camera_io/BUILD/GAP8_V2/GCC_RISCV/test:1c009340 00000080 d __rt_putc_host_buffer	/home/user/gap_sdk/rtos/pulp/pulp-os/libs/io/io.c:47
/home/user/gapuino/test_camera_io/BUILD/GAP8_V2/GCC_RISCV/test:1c001d26 00000084 T __gesf2	/home/haugoug/src/riscv-gnu-toolchain/riscv-gcc/libgcc/soft-fp/gesf2.c:35
/home/user/gapuino/test_camera_io/BUILD/GAP8_V2/GCC_RISCV/test:1c001d26 00000084 T __gtsf2	/home/haugoug/src/riscv-gnu-toolchain/riscv-gcc/libgcc/soft-fp/gesf2.c:43
/home/user/gapuino/test_camera_io/BUILD/GAP8_V2/GCC_RISCV/test:1c001daa 00000084 T __lesf2	/home/haugoug/src/riscv-gnu-toolchain/riscv-gcc/libgcc/soft-fp/lesf2.c:35
/home/user/gapuino/test_camera_io/BUILD/GAP8_V2/GCC_RISCV/test:1c001daa 00000084 T __ltsf2	/home/haugoug/src/riscv-gnu-toolchain/riscv-gcc/libgcc/soft-fp/lesf2.c:43
/home/user/gapuino/test_camera_io/BUILD/GAP8_V2/GCC_RISCV/test:1c006e68 00000086 T __pi_gpio_handler	/home/user/gap_sdk/rtos/pulp/pulp-os/drivers/gpio/gpio-v2.c:54
/home/user/gapuino/test_camera_io/BUILD/GAP8_V2/GCC_RISCV/test:1c009400 00000088 b bsp_fs_data	/home/user/gap_sdk/rtos/pmsis/pmsis_bsp/fs/host_fs/host_fs.c:27
/home/user/gapuino/test_camera_io/BUILD/GAP8_V2/GCC_RISCV/test:1c0021a4 00000088 T __extendsfdf2	/home/haugoug/src/riscv-gnu-toolchain/riscv-gcc/libgcc/soft-fp/extendsfdf2.c:37
/home/user/gapuino/test_camera_io/BUILD/GAP8_V2/GCC_RISCV/test:1c009298 00000088 d __rt_i2c	/home/user/gap_sdk/rtos/pulp/pulp-os/drivers/i2c/i2c-v2.c:25
/home/user/gapuino/test_camera_io/BUILD/GAP8_V2/GCC_RISCV/test:1c005ac8 0000008c T __rt_time_init	/home/user/gap_sdk/rtos/pulp/pulp-os/kernel/time.c:136
/home/user/gapuino/test_camera_io/BUILD/GAP8_V2/GCC_RISCV/test:1c00850c 0000008e T __rt_uart_open	/home/user/gap_sdk/rtos/pulp/pulp-os/drivers_deprecated/uart/uart.c:151
/home/user/gapuino/test_camera_io/BUILD/GAP8_V2/GCC_RISCV/test:1c002114 00000090 T __floatunsisf	/home/haugoug/src/riscv-gnu-toolchain/riscv-gcc/libgcc/soft-fp/floatunsisf.c:35
/home/user/gapuino/test_camera_io/BUILD/GAP8_V2/GCC_RISCV/test:1c003a00 00000090 t __pi_read_fs_try_read	/home/user/gap_sdk/rtos/pmsis/pmsis_bsp/fs/read_fs/read_fs.c:537
/home/user/gapuino/test_camera_io/BUILD/GAP8_V2/GCC_RISCV/test:1c0066e8 00000090 T rt_cluster_call	/home/user/gap_sdk/rtos/pulp/pulp-os/kernel/pulpos_emu.c:40
/home/user/gapuino/test_camera_io/BUILD/GAP8_V2/GCC_RISCV/test:1c005f08 00000090 T __rt_pmu_cluster_power_down	/home/user/gap_sdk/rtos/pulp/pulp-os/kernel/gap/pmu_driver.c:205
/home/user/gapuino/test_camera_io/BUILD/GAP8_V2/GCC_RISCV/test:1c007314 00000092 t __rt_io_uart_wait_pending	/home/user/gap_sdk/rtos/pulp/pulp-os/libs/io/io.c:332
/home/user/gapuino/test_camera_io/BUILD/GAP8_V2/GCC_RISCV/test:1c007780 00000092 t _to_x	/home/user/gap_sdk/rtos/pulp/pulp-os/libs/io/prf.c:44
/home/user/gapuino/test_camera_io/BUILD/GAP8_V2/GCC_RISCV/test:1c003818 00000098 t __pi_read_fs_mount	/home/user/gap_sdk/rtos/pmsis/pmsis_bsp/fs/read_fs/read_fs.c:242
/home/user/gapuino/test_camera_io/BUILD/GAP8_V2/GCC_RISCV/test:1c009528 00000098 b __rt_gpio	/home/user/gap_sdk/rtos/pulp/pulp-os/drivers/gpio/gpio-v2.c:34
/home/user/gapuino/test_camera_io/BUILD/GAP8_V2/GCC_RISCV/test:1c004d08 0000009c T MD5_Update	/home/user/gap_sdk/rtos/pmsis/pmsis_bsp/crc/md5.c:218
/home/user/gapuino/test_camera_io/BUILD/GAP8_V2/GCC_RISCV/test:1c0040bc 000000a2 t __himax_control	/home/user/gap_sdk/rtos/pmsis/pmsis_bsp/camera/himax/himax.c:433
/home/user/gapuino/test_camera_io/BUILD/GAP8_V2/GCC_RISCV/test:1c002070 000000a4 T __floatsisf	/home/haugoug/src/riscv-gnu-toolchain/riscv-gcc/libgcc/soft-fp/floatsisf.c:35
/home/user/gapuino/test_camera_io/BUILD/GAP8_V2/GCC_RISCV/test:1c006078 000000a4 T InitOneFll	/home/user/gap_sdk/rtos/pulp/pulp-os/kernel/gap/pmu_driver.c:771
/home/user/gapuino/test_camera_io/BUILD/GAP8_V2/GCC_RISCV/test:1c007512 000000ac t tfp_putc.isra.9	/home/user/gap_sdk/rtos/pulp/pulp-os/libs/io/io.c:795
/home/user/gapuino/test_camera_io/BUILD/GAP8_V2/GCC_RISCV/test:1c001468 000000ae T __gedf2	/home/haugoug/src/riscv-gnu-toolchain/riscv-gcc/libgcc/soft-fp/gedf2.c:35
/home/user/gapuino/test_camera_io/BUILD/GAP8_V2/GCC_RISCV/test:1c001468 000000ae T __gtdf2	/home/haugoug/src/riscv-gnu-toolchain/riscv-gcc/libgcc/soft-fp/gedf2.c:36
/home/user/gapuino/test_camera_io/BUILD/GAP8_V2/GCC_RISCV/test:1c00622a 000000ba T __rt_pmu_init	/home/user/gap_sdk/rtos/pulp/pulp-os/kernel/gap/pmu_driver.c:472
/home/user/gapuino/test_camera_io/BUILD/GAP8_V2/GCC_RISCV/test:1c006b20 000000bc T pi_i2c_read_async	/home/user/gap_sdk/rtos/pulp/pulp-os/drivers/i2c/i2c-v2.c:190
/home/user/gapuino/test_camera_io/BUILD/GAP8_V2/GCC_RISCV/test:1c00919c 000000c0 D __hal_debug_struct
/home/user/gapuino/test_camera_io/BUILD/GAP8_V2/GCC_RISCV/test:1c00611c 000000ca T __rt_pmu_cluster_power_up
/home/user/gapuino/test_camera_io/BUILD/GAP8_V2/GCC_RISCV/test:1c003fee 000000ce T __himax_reopen	/home/user/gap_sdk/rtos/pmsis/pmsis_bsp/camera/himax/himax.c:369
/home/user/gapuino/test_camera_io/BUILD/GAP8_V2/GCC_RISCV/test:1c006a28 000000d4 T pi_i2c_write_async	/home/user/gap_sdk/rtos/pulp/pulp-os/drivers/i2c/i2c-v2.c:114
/home/user/gapuino/test_camera_io/BUILD/GAP8_V2/GCC_RISCV/test:1c0064f6 000000d8 T pi_cluster_open	/home/user/gap_sdk/rtos/pulp/pulp-os/kernel/cluster.c:343
/home/user/gapuino/test_camera_io/BUILD/GAP8_V2/GCC_RISCV/test:1c00723a 000000da t __rt_io_uart_flush.constprop.11	/home/user/gap_sdk/rtos/pulp/pulp-os/libs/io/io.c:795
/home/user/gapuino/test_camera_io/BUILD/GAP8_V2/GCC_RISCV/test:1c003920 000000e0 T __pi_fs_read	/home/user/gap_sdk/rtos/pmsis/pmsis_bsp/fs/read_fs/read_fs.c:455
/home/user/gapuino/test_camera_io/BUILD/GAP8_V2/GCC_RISCV/test:1c005f98 000000e0 T SetFllFrequency
/home/user/gapuino/test_camera_io/BUILD/GAP8_V2/GCC_RISCV/test:1c00250c 000000f0 T get_image	/home/user/gapuino/test_camera_io/test_camera_himax.c:66
/home/user/gapuino/test_camera_io/BUILD/GAP8_V2/GCC_RISCV/test:1c005b54 000000f2 T __rt_timer_handler	/home/user/gap_sdk/rtos/pulp/pulp-os/kernel/time_irq.c:30
/home/user/gapuino/test_camera_io/BUILD/GAP8_V2/GCC_RISCV/test:1c0067d4 000000fa T pi_cluster_send_task_to_cl_async	/home/user/gap_sdk/rtos/pulp/pulp-os/kernel/cluster_call.c:65
/home/user/gapuino/test_camera_io/BUILD/GAP8_V2/GCC_RISCV/test:1c008958 00000100 R __clz_tab
/home/user/gapuino/test_camera_io/BUILD/GAP8_V2/GCC_RISCV/test:1c00426e 00000102 T flash_partition_table_load	/home/user/gap_sdk/rtos/pmsis/pmsis_bsp/partition/flash_partition.c:114
/home/user/gapuino/test_camera_io/BUILD/GAP8_V2/GCC_RISCV/test:1c00222c 00000114 T __truncdfsf2	/home/haugoug/src/riscv-gnu-toolchain/riscv-gcc/libgcc/soft-fp/truncdfsf2.c:36
/home/user/gapuino/test_camera_io/BUILD/GAP8_V2/GCC_RISCV/test:1c006c00 00000118 T pi_i2c_open	/home/user/gap_sdk/rtos/pulp/pulp-os/drivers/i2c/i2c-v2.c:238
/home/user/gapuino/test_camera_io/BUILD/GAP8_V2/GCC_RISCV/test:1c008d6c 0000011c r __himax_reg_init	/home/user/gap_sdk/rtos/pmsis/pmsis_bsp/camera/himax/himax.c:55
/home/user/gapuino/test_camera_io/BUILD/GAP8_V2/GCC_RISCV/test:1c0036a4 00000126 t __pi_fs_mount_step	/home/user/gap_sdk/rtos/pmsis/pmsis_bsp/fs/read_fs/read_fs.c:140
/home/user/gapuino/test_camera_io/BUILD/GAP8_V2/GCC_RISCV/test:1c00357e 00000126 t __pi_read_fs_open	/home/user/gap_sdk/rtos/pmsis/pmsis_bsp/fs/read_fs/read_fs.c:295
/home/user/gapuino/test_camera_io/BUILD/GAP8_V2/GCC_RISCV/test:1c0063c6 0000012a t __rt_cluster_mount_step	/home/user/gap_sdk/rtos/pulp/pulp-os/kernel/cluster.c:221
/home/user/gapuino/test_camera_io/BUILD/GAP8_V2/GCC_RISCV/test:1c005c46 00000134 T rt_periph_copy	/home/user/gap_sdk/rtos/pulp/pulp-os/kernel/periph-v2.c:58
/home/user/gapuino/test_camera_io/BUILD/GAP8_V2/GCC_RISCV/test:1c004da4 00000138 T MD5_Final	/home/user/gap_sdk/rtos/pmsis/pmsis_bsp/crc/md5.c:258
/home/user/gapuino/test_camera_io/BUILD/GAP8_V2/GCC_RISCV/test:1c0000a0 0000013c T ceil
/home/user/gapuino/test_camera_io/BUILD/GAP8_V2/GCC_RISCV/test:1c0001dc 0000013e T floor
/home/user/gapuino/test_camera_io/BUILD/GAP8_V2/GCC_RISCV/test:1c003e96 00000158 T __himax_open	/home/user/gap_sdk/rtos/pmsis/pmsis_bsp/camera/himax/himax.c:275
/home/user/gapuino/test_camera_io/BUILD/GAP8_V2/GCC_RISCV/test:1c002340 0000015a t cpu_perf_get	/home/user/gap_sdk/install/GAP8_V2/include/hal/riscv/riscv_v4.h:336
/home/user/gapuino/test_camera_io/BUILD/GAP8_V2/GCC_RISCV/test:1c004fa6 00000166 T __rt_init	/home/user/gap_sdk/rtos/pulp/pulp-os/kernel/init.c:74
/home/user/gapuino/test_camera_io/BUILD/GAP8_V2/GCC_RISCV/test:1c002656 00000168 T run	/home/user/gapuino/test_camera_io/test_camera_himax.c:121
/home/user/gapuino/test_camera_io/BUILD/GAP8_V2/GCC_RISCV/test:1c001e2e 000001ec T __mulsf3	/home/haugoug/src/riscv-gnu-toolchain/riscv-gcc/libgcc/soft-fp/mulsf3.c:35
/home/user/gapuino/test_camera_io/BUILD/GAP8_V2/GCC_RISCV/test:1c001b28 000001fe T __divsf3	/home/haugoug/src/riscv-gnu-toolchain/riscv-gcc/libgcc/soft-fp/divsf3.c:35
/home/user/gapuino/test_camera_io/BUILD/GAP8_V2/GCC_RISCV/test:00000030 00000280 D periph_channels
/home/user/gapuino/test_camera_io/BUILD/GAP8_V2/GCC_RISCV/test:1c00305c 00000318 T WriteImageToFile	/home/user/gap_sdk/libs/gap_lib/img_io/ImgIO.c:431
/home/user/gapuino/test_camera_io/BUILD/GAP8_V2/GCC_RISCV/test:1c000b3c 0000032e T __umoddi3	/home/haugoug/src/riscv-gnu-toolchain/riscv-gcc/libgcc/libgcc2.c:1305
/home/user/gapuino/test_camera_io/BUILD/GAP8_V2/GCC_RISCV/test:1c000800 0000033c T __udivdi3	/home/haugoug/src/riscv-gnu-toolchain/riscv-gcc/libgcc/libgcc2.c:1317
/home/user/gapuino/test_camera_io/BUILD/GAP8_V2/GCC_RISCV/test:1c000e6a 000005fe T __adddf3	/home/haugoug/src/riscv-gnu-toolchain/riscv-gcc/libgcc/soft-fp/adddf3.c:35
/home/user/gapuino/test_camera_io/BUILD/GAP8_V2/GCC_RISCV/test:1c001516 00000612 T __subdf3	/home/haugoug/src/riscv-gnu-toolchain/riscv-gcc/libgcc/soft-fp/subdf3.c:35
/home/user/gapuino/test_camera_io/BUILD/GAP8_V2/GCC_RISCV/test:1b0003e8 00000800 D __rt_fc_stack	/home/user/gap_sdk/rtos/pulp/pulp-os/kernel/conf.c:38
/home/user/gapuino/test_camera_io/BUILD/GAP8_V2/GCC_RISCV/test:1c0027d0 0000088c T formatage	/home/user/gapuino/test_camera_io/format.c:5
/home/user/gapuino/test_camera_io/BUILD/GAP8_V2/GCC_RISCV/test:1c004400 000008d6 t body	/home/user/gap_sdk/rtos/pmsis/pmsis_bsp/crc/md5.c:100
/home/user/gapuino/test_camera_io/BUILD/GAP8_V2/GCC_RISCV/test:1c0078aa 00000ab6 T _prf	/home/user/gap_sdk/rtos/pulp/pulp-os/libs/io/prf.c:437
